[    0.000000] Initializing cgroup subsys cpuset
[    0.000000] Initializing cgroup subsys cpu
[    0.000000] Initializing cgroup subsys cpuacct
[    0.000000] Linux version 4.4.0-96-generic (buildd@lgw01-10) (gcc version 5.4.0 20160609 (Ubuntu 5.4.0-6ubuntu1~16.04.4) ) #119-Ubuntu SMP Tue Sep 12 14:59:54 UTC 2017 (Ubuntu 4.4.0-96.119-generic 4.4.83)
[    0.000000] Command line: BOOT_IMAGE=/boot/vmlinuz-4.4.0-96-generic root=LABEL=cloudimg-rootfs ro console=tty1 console=ttyS0
[    0.000000] KERNEL supported cpus:
[    0.000000]   Intel GenuineIntel
[    0.000000]   AMD AuthenticAMD
[    0.000000]   Centaur CentaurHauls
[    0.000000] x86/fpu: xstate_offset[2]:  576, xstate_sizes[2]:  256
[    0.000000] x86/fpu: Supporting XSAVE feature 0x01: 'x87 floating point registers'
[    0.000000] x86/fpu: Supporting XSAVE feature 0x02: 'SSE registers'
[    0.000000] x86/fpu: Supporting XSAVE feature 0x04: 'AVX registers'
[    0.000000] x86/fpu: Enabled xstate features 0x7, context size is 832 bytes, using 'standard' format.
[    0.000000] x86/fpu: Using 'lazy' FPU context switches.
[    0.000000] e820: BIOS-provided physical RAM map:
[    0.000000] BIOS-e820: [mem 0x0000000000000000-0x000000000009fbff] usable
[    0.000000] BIOS-e820: [mem 0x000000000009fc00-0x000000000009ffff] reserved
[    0.000000] BIOS-e820: [mem 0x00000000000f0000-0x00000000000fffff] reserved
[    0.000000] BIOS-e820: [mem 0x0000000000100000-0x000000001ffeffff] usable
[    0.000000] BIOS-e820: [mem 0x000000001fff0000-0x000000001fffffff] ACPI data
[    0.000000] BIOS-e820: [mem 0x00000000fffc0000-0x00000000ffffffff] reserved
[    0.000000] NX (Execute Disable) protection: active
[    0.000000] SMBIOS 2.5 present.
[    0.000000] Hypervisor detected: KVM
[    0.000000] e820: last_pfn = 0x1fff0 max_arch_pfn = 0x400000000
[    0.000000] MTRR: Disabled
[    0.000000] x86/PAT: MTRRs disabled, skipping PAT initialization too.
[    0.000000] CPU MTRRs all blank - virtualized system.
[    0.000000] x86/PAT: Configuration [0-7]: WB  WT  UC- UC  WB  WT  UC- UC  
[    0.000000] found SMP MP-table at [mem 0x0009fff0-0x0009ffff] mapped at [ffff88000009fff0]
[    0.000000] Scanning 1 areas for low memory corruption
[    0.000000] RAMDISK: [mem 0x1edb0000-0x1f83bfff]
[    0.000000] ACPI: Early table checksum verification disabled
[    0.000000] ACPI: RSDP 0x00000000000E0000 000024 (v02 VBOX  )
[    0.000000] ACPI: XSDT 0x000000001FFF0030 00003C (v01 VBOX   VBOXXSDT 00000001 ASL  00000061)
[    0.000000] ACPI: FACP 0x000000001FFF00F0 0000F4 (v04 VBOX   VBOXFACP 00000001 ASL  00000061)
[    0.000000] ACPI: DSDT 0x000000001FFF0470 002118 (v01 VBOX   VBOXBIOS 00000002 INTL 20160108)
[    0.000000] ACPI: FACS 0x000000001FFF0200 000040
[    0.000000] ACPI: FACS 0x000000001FFF0200 000040
[    0.000000] ACPI: APIC 0x000000001FFF0240 00005C (v02 VBOX   VBOXAPIC 00000001 ASL  00000061)
[    0.000000] ACPI: SSDT 0x000000001FFF02A0 0001CC (v01 VBOX   VBOXCPUT 00000002 INTL 20160108)
[    0.000000] No NUMA configuration found
[    0.000000] Faking a node at [mem 0x0000000000000000-0x000000001ffeffff]
[    0.000000] NODE_DATA(0) allocated [mem 0x1ffeb000-0x1ffeffff]
[    0.000000] kvm-clock: Using msrs 4b564d01 and 4b564d00
[    0.000000] kvm-clock: cpu 0, msr 0:1ffe3001, primary cpu clock
[    0.000000] kvm-clock: using sched offset of 3403726949 cycles
[    0.000000] clocksource: kvm-clock: mask: 0xffffffffffffffff max_cycles: 0x1cd42e4dffb, max_idle_ns: 881590591483 ns
[    0.000000] Zone ranges:
[    0.000000]   DMA      [mem 0x0000000000001000-0x0000000000ffffff]
[    0.000000]   DMA32    [mem 0x0000000001000000-0x000000001ffeffff]
[    0.000000]   Normal   empty
[    0.000000]   Device   empty
[    0.000000] Movable zone start for each node
[    0.000000] Early memory node ranges
[    0.000000]   node   0: [mem 0x0000000000001000-0x000000000009efff]
[    0.000000]   node   0: [mem 0x0000000000100000-0x000000001ffeffff]
[    0.000000] Initmem setup node 0 [mem 0x0000000000001000-0x000000001ffeffff]
[    0.000000] ACPI: PM-Timer IO Port: 0x4008
[    0.000000] IOAPIC[0]: apic_id 2, version 17, address 0xfec00000, GSI 0-23
[    0.000000] ACPI: INT_SRC_OVR (bus 0 bus_irq 0 global_irq 2 dfl dfl)
[    0.000000] ACPI: INT_SRC_OVR (bus 0 bus_irq 9 global_irq 9 high level)
[    0.000000] Using ACPI (MADT) for SMP configuration information
[    0.000000] smpboot: Allowing 2 CPUs, 0 hotplug CPUs
[    0.000000] PM: Registered nosave memory: [mem 0x00000000-0x00000fff]
[    0.000000] PM: Registered nosave memory: [mem 0x0009f000-0x0009ffff]
[    0.000000] PM: Registered nosave memory: [mem 0x000a0000-0x000effff]
[    0.000000] PM: Registered nosave memory: [mem 0x000f0000-0x000fffff]
[    0.000000] e820: [mem 0x20000000-0xfffbffff] available for PCI devices
[    0.000000] Booting paravirtualized kernel on KVM
[    0.000000] clocksource: refined-jiffies: mask: 0xffffffff max_cycles: 0xffffffff, max_idle_ns: 7645519600211568 ns
[    0.000000] setup_percpu: NR_CPUS:512 nr_cpumask_bits:512 nr_cpu_ids:2 nr_node_ids:1
[    0.000000] PERCPU: Embedded 34 pages/cpu @ffff88001fc00000 s98328 r8192 d32744 u1048576
[    0.000000] PV qspinlock hash table entries: 256 (order: 0, 4096 bytes)
[    0.000000] Built 1 zonelists in Node order, mobility grouping on.  Total pages: 128889
[    0.000000] Policy zone: DMA32
[    0.000000] Kernel command line: BOOT_IMAGE=/boot/vmlinuz-4.4.0-96-generic root=LABEL=cloudimg-rootfs ro console=tty1 console=ttyS0
[    0.000000] PID hash table entries: 2048 (order: 2, 16384 bytes)
[    0.000000] Memory: 485684K/523832K available (8479K kernel code, 1294K rwdata, 3984K rodata, 1492K init, 1316K bss, 38148K reserved, 0K cma-reserved)
[    0.000000] SLUB: HWalign=64, Order=0-3, MinObjects=0, CPUs=2, Nodes=1
[    0.000000] Hierarchical RCU implementation.
[    0.000000] 	Build-time adjustment of leaf fanout to 64.
[    0.000000] 	RCU restricting CPUs from NR_CPUS=512 to nr_cpu_ids=2.
[    0.000000] RCU: Adjusting geometry for rcu_fanout_leaf=64, nr_cpu_ids=2
[    0.000000] NR_IRQS:33024 nr_irqs:440 16
[    0.000000] Console: colour VGA+ 80x25
[    0.000000] console [tty1] enabled
[    0.000000] console [ttyS0] enabled
[    0.000000] tsc: Detected 2494.320 MHz processor
[    0.449025] Calibrating delay loop (skipped) preset value.. 4988.64 BogoMIPS (lpj=9977280)
[    0.450573] pid_max: default: 32768 minimum: 301
[    0.451405] ACPI: Core revision 20150930
[    0.453159] ACPI: 2 ACPI AML tables successfully acquired and loaded
[    0.454357] Security Framework initialized
[    0.455125] Yama: becoming mindful.
[    0.455830] AppArmor: AppArmor initialized
[    0.456691] Dentry cache hash table entries: 65536 (order: 7, 524288 bytes)
[    0.457914] Inode-cache hash table entries: 32768 (order: 6, 262144 bytes)
[    0.459074] Mount-cache hash table entries: 1024 (order: 1, 8192 bytes)
[    0.460149] Mountpoint-cache hash table entries: 1024 (order: 1, 8192 bytes)
[    0.461476] Initializing cgroup subsys io
[    0.462243] Initializing cgroup subsys memory
[    0.463047] Initializing cgroup subsys devices
[    0.463860] Initializing cgroup subsys freezer
[    0.464703] Initializing cgroup subsys net_cls
[    0.465518] Initializing cgroup subsys perf_event
[    0.466361] Initializing cgroup subsys net_prio
[    0.467185] Initializing cgroup subsys hugetlb
[    0.467996] Initializing cgroup subsys pids
[    0.468891] CPU: Physical Processor ID: 0
[    0.469650] CPU: Processor Core ID: 0
[    0.470686] mce: CPU supports 0 MCE banks
[    0.471462] Last level iTLB entries: 4KB 512, 2MB 8, 4MB 8
[    0.472400] Last level dTLB entries: 4KB 512, 2MB 32, 4MB 32, 1GB 0
[    0.475590] Freeing SMP alternatives memory: 32K
[    0.499263] ftrace: allocating 32146 entries in 126 pages
[    0.549507] smpboot: APIC(0) Converting physical 0 to logical package 0
[    0.621134] smpboot: Max logical packages: 1
[    0.677439] ..TIMER: vector=0x30 apic1=0 pin1=2 apic2=-1 pin2=-1
[    0.860016] smpboot: CPU0: Intel(R) Core(TM) i5-3210M CPU @ 2.50GHz (family: 0x6, model: 0x3a, stepping: 0x9)
[    0.872400] Performance Events: unsupported p6 CPU model 58 no PMU driver, software events only.
[    0.888948] KVM setup paravirtual spinlock
[    0.890416] x86: Booting SMP configuration:
[    0.894615] .... node  #0, CPUs:      #1
[    0.895492] kvm-clock: cpu 1, msr 0:1ffe3041, secondary cpu clock
[    0.896930] mce: CPU supports 0 MCE banks
[    0.899603] x86: Booted up 1 node, 2 CPUs
[    0.904591] smpboot: Total of 2 processors activated (9977.28 BogoMIPS)
[    0.906106] devtmpfs: initialized
[    0.909242] evm: security.selinux
[    0.921285] evm: security.SMACK64
[    0.932134] evm: security.SMACK64EXEC
[    0.950594] evm: security.SMACK64TRANSMUTE
[    0.951353] evm: security.SMACK64MMAP
[    0.952061] evm: security.ima
[    0.960132] evm: security.capability
[    0.994904] clocksource: jiffies: mask: 0xffffffff max_cycles: 0xffffffff, max_idle_ns: 7645041785100000 ns
[    1.045922] futex hash table entries: 512 (order: 3, 32768 bytes)
[    1.047808] pinctrl core: initialized pinctrl subsystem
[    1.049540] RTC time:  9:31:34, date: 10/02/17
[    1.051130] NET: Registered protocol family 16
[    1.064657] cpuidle: using governor ladder
[    1.088369] cpuidle: using governor menu
[    1.128536] PCCT header not found.
[    1.140734] ACPI: bus type PCI registered
[    1.141498] acpiphp: ACPI Hot Plug PCI Controller Driver version: 0.5
[    1.149257] PCI: Using configuration type 1 for base access
[    1.161379] ACPI: Added _OSI(Module Device)
[    1.243132] ACPI: Added _OSI(Processor Device)
[    1.244003] ACPI: Added _OSI(3.0 _SCP Extensions)
[    1.372005] ACPI: Added _OSI(Processor Aggregator Device)
[    1.523939] ACPI: Executed 1 blocks of module-level executable AML code
[    1.575362] ACPI: Interpreter enabled
[    1.576104] ACPI: (supports S0 S5)
[    1.576812] ACPI: Using IOAPIC for interrupt routing
[    1.577850] PCI: Using host bridge windows from ACPI; if necessary, use "pci=nocrs" and report a bug
[    1.583093] ACPI: PCI Root Bridge [PCI0] (domain 0000 [bus 00-ff])
[    1.584164] acpi PNP0A03:00: _OSC: OS supports [ASPM ClockPM Segments MSI]
[    1.585310] acpi PNP0A03:00: _OSC failed (AE_NOT_FOUND); disabling ASPM
[    1.586398] acpi PNP0A03:00: fail to add MMCONFIG information, can't access extended PCI configuration space under this bridge.
[    1.588532] PCI host bridge to bus 0000:00
[    1.589342] pci_bus 0000:00: root bus resource [io  0x0000-0x0cf7 window]
[    1.590429] pci_bus 0000:00: root bus resource [io  0x0d00-0xffff window]
[    1.591515] pci_bus 0000:00: root bus resource [mem 0x000a0000-0x000bffff window]
[    1.592915] pci_bus 0000:00: root bus resource [mem 0x20000000-0xffdfffff window]
[    1.594330] pci_bus 0000:00: root bus resource [bus 00-ff]
[    1.596705] pci 0000:00:01.1: legacy IDE quirk: reg 0x10: [io  0x01f0-0x01f7]
[    1.597833] pci 0000:00:01.1: legacy IDE quirk: reg 0x14: [io  0x03f6]
[    1.598892] pci 0000:00:01.1: legacy IDE quirk: reg 0x18: [io  0x0170-0x0177]
[    1.600026] pci 0000:00:01.1: legacy IDE quirk: reg 0x1c: [io  0x0376]
[    1.616912] ACPI: PCI Interrupt Link [LNKA] (IRQs 5 9 10 11) *0, disabled.
[    1.624107] ACPI: PCI Interrupt Link [LNKB] (IRQs 5 9 10 *11)
[    1.625607] ACPI: PCI Interrupt Link [LNKC] (IRQs 5 9 *10 11)
[    1.627025] ACPI: PCI Interrupt Link [LNKD] (IRQs 5 *9 10 11)
[    1.628503] ACPI: Enabled 2 GPEs in block 00 to 07
[    1.657438] vgaarb: setting as boot device: PCI:0000:00:02.0
[    1.672484] vgaarb: device added: PCI:0000:00:02.0,decodes=io+mem,owns=io+mem,locks=none
[    1.673978] vgaarb: loaded
[    1.685087] vgaarb: bridge control possible 0000:00:02.0
[    1.695416] SCSI subsystem initialized
[    1.696338] ACPI: bus type USB registered
[    1.698194] usbcore: registered new interface driver usbfs
[    1.699145] usbcore: registered new interface driver hub
[    1.700091] usbcore: registered new device driver usb
[    1.701239] PCI: Using ACPI for IRQ routing
[    1.702289] NetLabel: Initializing
[    1.702987] NetLabel:  domain hash size = 128
[    1.703775] NetLabel:  protocols = UNLABELED CIPSOv4
[    1.708767] NetLabel:  unlabeled traffic allowed by default
[    1.709873] amd_nb: Cannot enumerate AMD northbridges
[    1.710801] clocksource: Switched to clocksource kvm-clock
[    1.718759] AppArmor: AppArmor Filesystem Enabled
[  1846]npPnAC it
[    21662 p: P PIfond dices
[    2.593936] clocksource: acpi_pm: mask: 0xffffff max_cycles: 0xffffff, max_idle_ns: 2085701024 ns
[    2.604737] NET: Registered protocol family 2
[    2.605919] TCP established hash table entries: 4096 (order: 3, 32768 bytes)
[    2.607539] TCP bind hash table entries: 4096 (order: 4, 65536 bytes)
[    2.608937] TCP: Hash tables configured (established 4096 bind 4096)
[    2.610269] UDP hash table entries: 256 (order: 1, 8192 bytes)
[    2.611535] UDP-Lite hash table entries: 256 (order: 1, 8192 bytes)
[    2.612910] NET: Registered protocol family 1
[    2.613932] pci 0000:00:00.0: Limiting direct PCI/PCI transfers
[    2.615244] pci 0000:00:01.0: Activating ISA DMA hang workarounds
[    2.616656] Unpacking initramfs...
[    4.470028] Freeing initrd memory: 10800K
[    4.494935] RAPL PMU detected, API unit is 2^-32 Joules, 3 fixed counters 10737418240 ms ovfl timer
[    4.496958] hw unit of domain pp0-core 2^-0 Joules
[    4.498026] hw unit of domain package 2^-0 Joules
[    4.499074] hw unit of domain pp1-gpu 2^-0 Joules
[    4.500272] platform rtc_cmos: registered platform RTC device (no PNP device found)
[    4.502110] Scanning for low memory corruption every 60 seconds
[    4.503809] audit: initializing netlink subsys (disabled)
[    4.505060] audit: type=2000 audit(1506936701.377:1): initialized
[    4.506626] Initialise system trusted keyring
[    4.507997] HugeTLB registered 2 MB page size, pre-allocated 0 pages
[    4.510788] zbud: loaded
[    4.511829] VFS: Disk quotas dquot_6.6.0
[    4.512796] VFS: Dquot-cache hash table entries: 512 (order 0, 4096 bytes)
[    4.514499] squashfs: version 4.0 (2009/01/31) Phillip Lougher
[    4.516156] fuse init (API version 7.23)
[    4.517254] Key type big_key registered
[    4.518168] Allocating IMA MOK and blacklist keyrings.
[    4.521018] Key type asymmetric registered
[    4.521999] Asymmetric key parser 'x509' registered
[    4.523146] Block layer SCSI generic (bsg) driver version 0.4 loaded (major 249)
[    4.534840] io scheduler noop registered
[    4.535801] io scheduler deadline registered (default)
[    4.536983] io scheduler cfq registered
[    4.537991] pci_hotplug: PCI Hot Plug PCI Core version: 0.5
[    4.539299] pciehp: PCI Express Hot Plug Controller Driver version: 0.4
[    4.540825] ACPI: AC Adapter [AC] (on-line)
[    4.541848] input: Power Button as /devices/LNXSYSTM:00/LNXPWRBN:00/input/input0
[    4.543611] ACPI: Power Button [PWRF]
[    4.544584] input: Sleep Button as /devices/LNXSYSTM:00/LNXSLPBN:00/input/input1
[    4.546289] ACPI: Sleep Button [SLPF]
[    4.547490] GHES: HEST is not enabled!
[    4.548510] Serial: 8250/16550 driver, 32 ports, IRQ sharing enabled
[    4.571548] 00:02: ttyS0 at I/O 0x3f8 (irq = 4, base_baud = 115200) is a 16550A
[    4.574427] Linux agpgart interface v0.103
[    4.577465] loop: module loaded
[    4.581418] scsi host0: ata_piix
[    4.582441] scsi host1: ata_piix
[    4.583336] ata1: PATA max UDMA/33 cmd 0x1f0 ctl 0x3f6 bmdma 0xd000 irq 14
[    4.584795] ata2: PATA max UDMA/33 cmd 0x170 ctl 0x376 bmdma 0xd008 irq 15
[    4.586356] libphy: Fixed MDIO Bus: probed
[    4.587433] tun: Universal TUN/TAP device driver, 1.6
[    4.588545] tun: (C) 1999-2004 Max Krasnyansky <maxk@qualcomm.com>
[    4.589834] PPP generic driver version 2.4.2
[    4.590871] ehci_hcd: USB 2.0 'Enhanced' Host Controller (EHCI) Driver
[    4.592266] ehci-pci: EHCI PCI platform driver
[    4.593294] ehci-platform: EHCI generic platform driver
[    4.594451] ohci_hcd: USB 1.1 'Open' Host Controller (OHCI) Driver
[    4.595775] ohci-pci: OHCI PCI platform driver
[    4.596776] ohci-platform: OHCI generic platform driver
[    4.597912] uhci_hcd: USB Universal Host Controller Interface driver
[    4.604617] i8042: PNP: PS/2 Controller [PNP0303:PS2K,PNP0f03:PS2M] at 0x60,0x64 irq 1,12
[    4.606976] serio: i8042 KBD port at 0x60,0x64 irq 1
[    4.608091] serio: i8042 AUX port at 0x60,0x64 irq 12
[    4.609304] mousedev: PS/2 mouse device common for all mice
[    4.610986] rtc_cmos rtc_cmos: rtc core: registered rtc_cmos as rtc0
[    4.612484] rtc_cmos rtc_cmos: alarms up to one day, 114 bytes nvram
[    4.613907] i2c /dev entries driver
[    4.614838] input: AT Translated Set 2 keyboard as /devices/platform/i8042/serio0/input/input2
[    4.616923] device-mapper: uevent: version 1.0.3
[    4.619813] device-mapper: ioctl: 4.34.0-ioctl (2015-10-28) initialised: dm-devel@redhat.com
[    4.621368] ledtrig-cpu: registered to indicate activity on CPUs
[    4.623040] NET: Registered protocol family 10
[    4.624115] NET: Registered protocol family 17
[    4.643269] Key type dns_resolver registered
[    4.683566] microcode: CPU0 sig=0x306a9, pf=0x2, revision=0x19
[    4.692836] microcode: CPU1 sig=0x306a9, pf=0x2, revision=0x19
[    4.694238] microcode: Microcode Update Driver: v2.01 <tigran@aivazian.fsnet.co.uk>, Peter Oruba
[    4.696245] registered taskstats version 1
[    4.699602] Loading compiled-in X.509 certificates
[    4.701222] Loaded X.509 cert 'Build time autogenerated kernel key: b1a6ea8776bed2812c00d8a799f968274ef48628'
[    4.702961] zswap: loaded using pool lzo/zbud
[    4.705628] Key type trusted registered
[    4.710606] Key type encrypted registered
[    4.719595] AppArmor: AppArmor sha1 policy hashing enabled
[    4.720552] ima: No TPM chip found, activating TPM-bypass!
[    4.721497] evm: HMAC attrs: 0x1
[    4.722453]   Magic number: 5:604:524
[    4.723336] rtc_cmos rtc_cmos: setting system clock to 2017-10-02 09:31:38 UTC (1506936698)
[    4.739999] BIOS EDD facility v0.16 2004-Jun-25, 0 devices found
[    4.741053] EDD information not available.
[    4.744007] Freeing unused kernel memory: 1492K
[    4.755728] Write protecting the kernel read-only data: 14336k
[    4.757332] Freeing unused kernel memory: 1748K
[    4.759967] Freeing unused kernel memory: 112K
Loading, please wait...
[    4.773336] random: systemd-udevd: uninitialized urandom read (16 bytes read, 2 bits of entropy available)
starting version[    4.774618] random: udevadm: uninitialized urandom read (16 bytes read, 2 bits of entropy available)
 229
[    4.774665] random: udevadm: uninitialized urandom read (16 bytes read, 2 bits of entropy available)
[    4.774800] random: udevadm: uninitialized urandom read (16 bytes read, 2 bits of entropy available)
[    4.774852] random: udevadm: uninitialized urandom read (16 bytes read, 2 bits of entropy available)
[    4.774977] random: udevadm: uninitialized urandom read (16 bytes read, 2 bits of entropy available)
[    4.775032] random: udevadm: uninitialized urandom read (16 bytes read, 2 bits of entropy available)
[    4.775085] random: udevadm: uninitialized urandom read (16 bytes read, 2 bits of entropy available)
[    4.775134] random: udevadm: uninitialized urandom read (16 bytes read, 2 bits of entropy available)
[    4.775181] random: udevadm: uninitialized urandom read (16 bytes read, 2 bits of entropy available)
[    4.838268] e1000: Intel(R) PRO/1000 Network Driver - version 7.3.21-k8-NAPI
[    4.855026] e1000: Copyright (c) 1999-2006 Intel Corporation.
[    4.861338] Fusion MPT base driver 3.04.20
[    5.065699] Copyright (c) 1999-2008 LSI Corporation
[    5.184146] Fusion MPT SPI Host driver 3.04.20
[    5.216594] AVX version of gcm_enc/dec engaged.
[    5.223066] AES CTR mode by8 optimization enabled
[    5.382637] input: ImExPS/2 Generic Explorer Mouse as /devices/platform/i8042/serio1/input/input4
[    5.498877] tsc: Refined TSC clocksource calibration: 2492.807 MHz
[    5.515182] clocksource: tsc: mask: 0xffffffffffffffff max_cycles: 0x23eeaec68db, max_idle_ns: 440795283008 ns
[    5.538527] e1000 0000:00:03.0 eth0: (PCI:33MHz:32-bit) 02:dc:25:78:06:25
[    5.567364] e1000 0000:00:03.0 eth0: Intel(R) PRO/1000 Network Connection
[    5.585887] mptbase: ioc0: Initiating bringup
[    5.586516] e1000 0000:00:03.0 enp0s3: renamed from eth0
[    5.821746] ioc0: LSI53C1030 A0: Capabilities={Initiator}
[    6.527684] scsi host2: ioc0: LSI53C1030 A0, FwRev=00000000h, Ports=1, MaxQ=256, IRQ=20
[    6.866654] scsi 2:0:0:0: Direct-Access     VBOX     HARDDISK         1.0  PQ: 0 ANSI: 5
[    6.872341] scsi target2:0:0: Beginning Domain Validation
[    6.879285] scsi target2:0:0: Domain Validation skipping write tests
[    6.882103] scsi target2:0:0: Ending Domain Validation
[    6.884734] scsi target2:0:0: asynchronous
[    6.888668] scsi 2:0:1:0: Direct-Access     VBOX     HARDDISK         1.0  PQ: 0 ANSI: 5
[    6.892630] scsi target2:0:1: Beginning Domain Validation
[    6.899808] scsi target2:0:1: Domain Validation skipping write tests
[    6.902466] scsi target2:0:1: Ending Domain Validation
[    6.915236] scsi target2:0:1: asynchronous
[    6.933814] sd 2:0:0:0: [sda] 20971520 512-byte logical blocks: (10.7 GB/10.0 GiB)
[    6.934140] sd 2:0:0:0: Attached scsi generic sg0 type 0
[    6.935185] sd 2:0:1:0: Attached scsi generic sg1 type 0
[    6.962113] sd 2:0:1:0: [sdb] 20480 512-byte logical blocks: (10.5 MB/10.0 MiB)
[    6.962292] sd 2:0:0:0: [sda] Write Protect is off
[    6.962452] sd 2:0:0:0: [sda] Incomplete mode parameter data
[    6.962454] sd 2:0:0:0: [sda] Assuming drive cache: write through
[    6.970643] sd 2:0:1:0: [sdb] Write Protect is off
[    6.972708] sd 2:0:1:0: [sdb] Incomplete mode parameter data
[    6.974517] sd 2:0:1:0: [sdb] Assuming drive cache: write through
[    6.992142]  sda: sda1
[    7.019764] sd 2:0:1:0: [sdb] Attached SCSI disk
[    7.475557] sd 2:0:0:0: [sda] Attached SCSI disk
[    7.859139] floppy0: no floppy controllers found
Begin: Loading e[    9.391027] md: linear personality registered for level -1
ssential drivers ... [    9.507151] md: multipath personality registered for level -4
[    9.878162] md: raid0 personality registered for level 0
[    9.886963] md: raid1 personality registered for level 1
[    9.966835] raid6: sse2x1   gen()  7871 MB/s
[   10.038832] raid6: sse2x1   xor()  6304 MB/s
[   10.110836] raid6: sse2x2   gen() 10045 MB/s
[   10.178836] raid6: sse2x2   xor()  7116 MB/s
[   10.246839] raid6: sse2x4   gen() 11772 MB/s
[   10.314843] raid6: sse2x4   xor()  8667 MB/s
[   10.315812] raid6: using algorithm sse2x4 gen() 11772 MB/s
[   10.316978] raid6: .... xor() 8667 MB/s, rmw enabled
[   10.318049] raid6: using ssse3x2 recovery algorithm
[   10.320922] xor: automatically using best checksumming function:
[   10.415219]    avx       : 33388.000 MB/sec
[   10.422399] async_tx: api initialized (async)
[   10.443254] md: raid6 personality registered for level 6
[   10.487392] md: raid5 personality registered for level 5
[   10.512789] md: raid4 personality registered for level 4
[   10.519830] md: raid10 personality registered for level 10
done.
Begin: Running /scripts/init-premount ... done.
Begin: Mounting root file system ... Begin: Running /scripts/local-top ... done.
Begin: Running /scripts/local-premount ... [   10.566456] Btrfs loaded
Scanning for Btrfs filesystems
done.
Warning: fsck not present, so skipping root file system
[   10.692342] EXT4-fs (sda1): mounted filesystem with ordered data mode. Opts: (null)
done.
Begin: Running /scripts/local-bottom ... done.
Begin: Running /scripts/init-bottom ... done.
[   11.517166] random: nonblocking pool is initialized
[   11.714844] systemd[1]: systemd 229 running in system mode. (+PAM +AUDIT +SELINUX +IMA +APPARMOR +SMACK +SYSVINIT +UTMP +LIBCRYPTSETUP +GCRYPT +GNUTLS +ACL +XZ -LZ4 +SECCOMP +BLKID +ELFUTILS +KMOD -IDN)
[   11.777079] systemd[1]: Detected virtualization oracle.
[   11.778122] systemd[1]: Detected architecture x86-64.

Welcome to [1mUbuntu 16.04.3 LTS[0m!

[   11.828972] systemd[1]: Set hostname to <ubuntu>.
[   11.861970] systemd[1]: Initializing machine ID from random generator.
[   12.014691] systemd[1]: Installed transient /etc/machine-id file.
[   13.143480] systemd[1]: Reached target Encrypted Volumes.
[[0;32m  OK  [0m] Reached target Encrypted Volumes.
[   13.187214] systemd[1]: Reached target User and Group Name Lookups.
[[0;32m  OK  [0m] Reached target User and Group Name Lookups.
[   13.784764] systemd[1]: Created slice System Slice.
[[0;32m  OK  [0m] Created slice System Slice.
[   13.786647] systemd[1]: Listening on Journal Audit Socket.
[[0;32m  OK  [0m] Listening on Journal Audit Socket.
[   13.788682] systemd[1]: Listening on Journal Socket (/dev/log).
[[0;32m  OK  [0m] Listening on Journal Socket (/dev/log).
[   13.790719] systemd[1]: Listening on LVM2 metadata daemon socket.
[[0;32m  OK  [0m] Listening on LVM2 metadata daemon socket.
[   13.792862] systemd[1]: Listening on Syslog Socket.
[[0;32m  OK  [0m] Listening on Syslog Socket.
[   13.794650] systemd[1]: Listening on LVM2 poll daemon socket.
[[0;32m  OK  [0m] Listening on LVM2 poll daemon socket.
[   13.796931] systemd[1]: Created slice User and Session Slice.
[[0;32m  OK  [0m] Created slice User and Session Slice.
[   13.798980] systemd[1]: Listening on Journal Socket.
[[0;32m  OK  [0m] Listening on Journal Socket.
[   13.811079] systemd[1]: Starting Journal Service...
         Starting Journal Service...
[   13.866623] systemd[1]: Starting Set console keymap...
         Starting Set console keymap...
[   13.869411] systemd[1]: Mounting Debug File System...
         Mounting Debug File System...
[   13.983369] systemd[1]: Starting Load Kernel Modules...
[   14.104598] Loading iSCSI transport class v2.0-870.
         Starting Load Kernel Modules...
[   14.108651] systemd[1]: Mounting Huge Pages File System...
         Mounting Huge Pages File System...
[   14.171316] systemd[1]: Starting Remount Root and Kernel File Systems...
         [   14.211206] iscsi: registered transport (tcp)
Starting Remount Root and Kernel File Systems...
[   14.227747] systemd[1]: Mounting POSIX Message Queue File System...
[   14.238156] EXT4-fs (sda1): re-mounted. Opts: (null)
         Mounting POSIX Message Queue File System...
[   14.257510] systemd[1]: Reached target Swap.
[[0;32m  OK  [0m] Reached target Swap.
[   14.287217] systemd[1]: Starting Create list of required static device nodes for the current kernel...
         Starting Create list of required st... nodes for the current kernel...
[   14.298240] systemd[1]: Reached target Slices.
[[0;32m  OK  [0m] Reached target Slices.
[   14.300913] systemd[1]: Starting Uncomplicated firewall...
         Starting Uncomplicated firewall...
[   14.330951] systemd[1]: Listening on udev Control Socket.
[[0;32m  OK  [0m] Listening on udev Control Socket.
[   14.341568] systemd[1]: Listening on udev Kernel Socket.
[[0;32m  OK  [0m] Listening on udev Kernel Socket.
[   14.346501] systemd[1]: Listening on /dev/initctl Compatibility Named Pipe.
[[0;32m  OK  [0m] Listening on /dev/initctl Compatibility Named Pipe.
[   14.351306] systemd[1]: Started Forward Password Requests to Wall Directory Watch.
[[0;32m  OK  [0m] Started Forward Password Requests to Wall Directory Watch.
[   14.359126] systemd[1]: Set up automount Arbitrary Executable File Formats File System Automount Point.
[[0;32m  OK  [0m] Set up automount Arbitrary Executab...ats File System Automount Point.
[   14.386521] systemd[1]: Started Trigger resolvconf update for networkd DNS.
[[0;32m  OK  [0[   14.396910] iscsi: registered transport (iser)
m] Started Trigger resolvconf update for networkd DNS.
[   14.575370] systemd[1]: Listening on Device-mapper event daemon FIFOs.
[[0;32m  OK  [0m] Listening on Device-mapper event daemon FIFOs.
[   14.595283] systemd[1]: Starting Monitoring of LVM2 mirrors, snapshots etc. using dmeventd or progress polling...
         Starting Monitoring of LVM2 mirrors... dmeventd or progress polling...
[   14.647204] systemd[1]: Starting Nameserver information manager...
         Starting Nameserver information manager...
[ 1495770] systemd[1]: Created slice system-serial\x2dgetty.slice.
[[0;32m  OK  [0m] Created slice system-serial\x2dgetty.slice.
[ 14.905240] systemd[1]: Mounted POSIX Message Queue File System.
[[0;32m  OK  [0m] Mounted POSIX Message Queue File System.
[   14.969977] systemd[1]: Mounted Debug File System.
[[0;32m  OK  [0m] Mounted Debug File System.
[   14.971998] systemd[1]: Mounted Huge Pages File System.
[[0;32m  OK  [0m] Mounted Huge Pages File System.
[   14.974152] systemd[1]: Started Journal Service.
[[0;32m  OK  [0m] Started Journal Service.
[[0;32m  OK  [0m] Started Set console keymap.
[[0;32m  OK  [0m] Started Load Kernel Modules.
[[0;32m  OK  [0m] Started Remount Root and Kernel File Systems.
[[0;32m  OK  [0m] Started Create list of required sta...ce nodes for the current kernel.
[[0;32m  OK  [0m] Started Uncomplicated firewall.
[[0;32m  OK  [0m] Started Nameserver information manager.
[[0;32m  OK  [0m] Started LVM2 metadata daemon.
         Starting Create Static Device Nodes in /dev...
         Starting udev Coldplug all Devices...
         Starting Load/Save Random Seed...
         Starting Initial cloud-init job (pre-networking)...
         Starting Apply Kernel Variables...
         Mounting FUSE Control File System...
         Starting Flush Journal to Persistent Storage...
[[0;32m  OK  [0m] Mounted FUSE Control File System.
[[0;32m  OK  [0m] Started Load/Save Random Seed.
[[0;32m  OK  [0m] Started udev Coldplug all Devices.
[   15.542564] systemd-journald[373]: Received request to flush runtime journal from PID 1
[[0;32m  OK  [0m] Started Flush Journal to Persistent Storage.
[[0;32m  OK  [0m] Started Apply Kernel Variables.
[[0;32m  OK  [0m] Started Monitoring of LVM2 mirrors,...ng dmeventd or progress polling.
[[0;32m  OK  [0m] Started Create Static Device Nodes in /dev.
         Starting udev Kernel Device Manager...
[[0;32m  OK  [0m] Started udev Kernel Device Manager.
[[0;32m  OK  [0m] Reached target Local File Systems (Pre).
[[0;32m  OK  [0m] Reached target Local File Systems.
         Starting Tell Plymouth To Write Out Runtime Data...
         Starting Commit a transient machine-id on disk...
         Starting LSB: AppArmor initialization...
         Starting Set console font and keymap...
         Starting Create Volatile Files and Directories...
[[0;32m  OK  [0m] Started Dispatch Password Requests to Console Directory Watch.
[[0;32m  OK  [0m] Started Commit a transient machine-id on disk.
[[0;32m  OK  [0m] Started Tell Plymouth To Write Out Runtime Data.
[[0;32m  OK  [0m] Started Create Volatile Files and Directories.
[[0;32m  OK  [0m] Reached target System Time Synchronized.
         Starting Update UTMP about System Boot/Shutdown...
[[0;32m  OK  [0m] Started Update UTMP about System Boot/Shutdown.
[[0;32m  OK  [0m] Found device /dev/ttyS0.
[[0;32m  OK  [0m] Listening on Load/Save RF Kill Switch Status /dev/rfkill Watch.
[[0;32m  OK  [0m] Started LSB: AppArmor initialization.
[[0;32m  OK  [0m] Started Set console font and keymap.
[[0;32m  OK  [0m] Created slice system-getty.slice.
[   20.880713] cloud-init[442]: Cloud-init v. 0.7.9 running 'init-local' at Mon, 02 Oct 2017 09:31:55 +0000. Up 20.18 seconds.
[[0;32m  OK  [0m] Started Initial cloud-init job (pre-networking).
[[0;32m  OK  [0m] Reached target Network (Pre).
         Starting Raise network interfaces...
[[0;32m  OK  [0m] Started Raise network interfaces.
[[0;32m  OK  [0m] Reached target Network.
         Starting Initial cloud-init job (metadata service crawler)...
[   23.676247] cloud-init[940]: Cloud-init v. 0.7.9 running 'init' at Mon, 02 Oct 2017 09:31:56 +0000. Up 21.72 seconds.
[   23.704665] cloud-init[940]: ci-info: +++++++++++++++++++++++++++++++++++++Net device info+++++++++++++++++++++++++++++++++++++
[   23.723970] cloud-init[940]: ci-info: +--------+------+---------------------------+---------------+-------+-------------------+
[[0;32m  OK  [0m] Started Initial cloud-init job (metadata service crawler).
[   23.772906] cloud-init[940]: ci-info: | Device |  Up  |          Address          |      Mask     | Scope |     Hw-Address    |
[   23.779237] cloud-init[940]: ci-info: +--------+------+---------------------------+---------------+-------+-------------------+
[   23.781295] cloud-init[940]: ci-info: | enp0s3 | True |         10.0.2.15         | 255.255.255.0 |   .   | 02:dc:25:78:06:25 |
[   23.783368] cloud-init[940]: ci-info: | enp0s3 | True | fe80::dc:25ff:fe78:625/64 |       .       |  link | 02:dc:25:78:06:25 |
[[0;32m  OK  [0m] Reached target Network is Online.
[   23.788213] cloud-init[940]: ci-info: |   lo   | True |         127.0.0.1         |   255.0.0.0   |   .   |         .         |
[   23.793005] cloud-init[940]: ci-info: |   lo   | True |          ::1/128          |       .       |  host |         .         |
[   23.794918] cloud-init[940]: ci-info: +--------+------+---------------------------+---------------+-------+-------------------+
[   23.796986] cloud-init[940]: ci-info: +++++++++++++++++++++++++++Route IPv4 info++++++++++++++++++++++++++++
[   23.798795] cloud-init[940]: ci-info: +-------+-------------+----------+---------------+-----------+-------+
[   23.800662] cloud-init[940]: ci-info: | Route | Destination | Gateway  |    Genmask    | Interface | Flags |
[   23.802472] cloud-init[940]: ci-info: +-------+-------------+----------+---------------+-----------+-------+
[   23.805438]          cloud-initStarting iSCSI initiator daemon (iscsid)...[940]: 
ci-info: |   0   |   0.0.0.0   | 10.0.2.2 |    0.0.0.0    |   enp0s3  |   UG  |
[   23.809954] [[0;32m  OK  [0m] Reached target Cloud-config availability.
[[0;32m  OK  [0m] Reached target System Initialization.
[[0;32m  OK  [0m] Listening on D-Bus System Message Bus Socket.
[[0;32m  OK  [0m] Started Daily Cleanup of Temporary Directories.
[[0;32m  OK  [0m] Started Timer to automatically refresh installed snaps.
         Starting Socket activation for snappy daemon.
[[0;32m  OK  [0m] Started Timer to automatically fetch and run repair assertions.
cloud-init[940]: ci-info: |   1   |   10.0.2.0  | 0.0.0.0  | 255.255.255.0 |   enp0s3  |   U   |
[   23.822070] [[0;32m  OK  [0m] Started ACPI Events Check.
[[0;32m  OK  [0m] Reached target Paths.
[[0;32m  OK  [0m] Listening on ACPID Listen Socket.
[[0;32m  OK  [0m] Listening on UUID daemon activation socket.
[[0;32m  OK  [0m] Started Daily apt download activities.
[[0;32m  OK  [0m] Started Daily apt upgrade and clean activities.
[[0;32m  OK  [0m] Reached target Timers.
cloud-init[940]: ci-info: +-------+-------------+----------+---------------+-----------+-------+
         Starting LXD - unix socket.
[   23.831606] cloud-init[940]: Generating public/private rsa key pair.
[   23.836427] cloud-init[940]: Your identification has been saved in /etc/ssh/ssh_host_rsa_key.
[   23.838329] cloud-init[940]: Your public key has been saved in /etc/ssh/ssh_host_rsa_key.pub.
[   23.840271] cloud-init[940]: The key fingerprint is:
[   23.841686] cloud-init[940]: SHA256:yS9JfaU6yE9X59dckx1S47hVLYKL3t6Bh2Qf7uIe7pw root@ubuntu-xenial
[   23.843630] cloud-init[940]: [[0;32m  OK  [0m] Listening on Socket activation for snappy daemon.
[[0;32m  OK  [0m] Listening on LXD - unix socket.
The key's randomart image is:
[   23.846881] cloud-init[940]: +---[RSA 2048]----+
[   23.849910] cloud-init[[0;32m  OK  [0m] Reached target Sockets.
[[0;32m  OK  [0m] Reached target Basic System.
[940]: |           .   oo|
[   23.856770] cloud-init[940]: |          . . = +|
[   23.860748] cloud-init[940]: |         . . +.= |
[   23.862104] cloud-init[940]: |       ..o+ .o+ +|
[   23.863480] cloud-init[940]: |       .S+.=oo.o+|
[   23.864860] cloud-init[940]: |       o.++o=. ++|
[   23.866208] cloud-init[940]: |        =.*+..  =|
[   23.867652] cloud-init[940]: |         *o=o   .|
[   23.869089] cloud-init[940]: |         +E.     |
[   23.870442] cloud-init[940]: +----[SHA256]-----+
[   23.871788] cloud-init[940]: Generating public/private dsa key pair.
[   23.873433] cloud-init[940]: Your identification has been saved in /etc/ssh/ssh_host_dsa_key.
[   23.877215] cloud-init[940]: Your public key has been saved in /etc/ssh/ssh_host_dsa_key.pub.
[   23.879793] cloud-init[[0;32m  OK  [0m] Started Regular background program processing daemon.
[940]: The key fingerprint is:         Starting System Logging Service...

[   23.900371] cloud-init[940]: SHA256:FBhU9DEqAc+NrlSpH+cwHpUhcS0lALF7NUxzHzcqV2w root@ubuntu-xenial
         Starting Apply the settings specified in cloud-config...
[   23.966809] cloud-init[940]: The key's randomart image is:
[   23.980707] cloud-init[940]: +---[DSA 1024]----+
[   23.981857] cloud-init[940]: |    +=BBXo= ..+  |
[   23.982984] cloud-init[940]: |     +.X.X.+ =E. |
[   23.984101] cloud-init[940]: |    . B X.o +.   |
[   23.985294] cloud-init[940]: |     = = . o     |
[   23.986409] cloud-init[940]: |    + B S        |
[   23.987530] cloud-init[940]: |   . = B         |
[   23.988664] cloud-init[940]: |    . o .        |
[   23.990939] cloud-init[940]: |                 |
[   23.992083] cloud-init[940]: |                 |
[   23.993280] cloud-init[940]: +----[SHA256]-----+
[   23.994390] cloud-init[940]: Generating public/private ecdsa key pair.
[[0;32m  OK  [0m] Started FUSE filesystem for LXC.
         Starting LSB: Record successful boot for GRUB...
         Starting LSB: MD monitoring daemon...
[[0;32m  OK  [0m] Started Deferred execution scheduler.
[   23.996271] cloud-init[940]: Your identification has been saved in /etc/ssh/ssh_host_ecdsa_key.
[   24.005738] cloud-init[940]: Your public key has been saved in /etc/ssh/ssh_host_ecdsa_key.pub.
[   24.012260] cloud-init[940]: The key fingerprint is:
[   24.012378] cloud-init[940]: SHA256:/XHDIvoYx4KAZWWgiAESuYzkPa5UAv/u6Lt6m5rz+C0 root@ubuntu-xenial
[   24.012571] cloud-init[940]: The key's randomart image is:
[   24.012647] cloud-init[940]: +---[ECDSA 256]---+
[   24.012720] cloud-init[940]: |*o  ..o          |
[   24.012827] cloud-init[940]: |=+ . o           |
[   24.012901] cloud-init[940]: |Ooo o            |
[   24.012973] cloud-init[940]: |o+.B     .   .   |
[   24.013045] cloud-init[940]: |  =.o   S o o +  |
[   24.013121] cloud-init[940]: | . ... . o o + . |
[   24.013220] cloud-init[940]: |. ..  . + o .    |
[   24.013300] cloud-init[940]: |.+E+.    *       |
[   24.013376] cloud-init[940]: |=OX*o   . .      |
[   24.013451] cloud-init[940]: +----[SHA256]-----+
[   24.013531] cloud-init[940]: Generating public/private ed25519 key pair.
[   24.013608] cloud-init[940]: Your identification has been saved in /etc/ssh/ssh_host_ed25519_key.
[   24.013689] cloud-init[940]: Your public key has been saved in /etc/ssh/ssh_host_ed25519_key.pub.
[   24.013772] cloud-init[940]: The key fingerprint is:
[   24.013855] cloud-init[940]: SHA256:bFmsqJICShw0nxvkDIs4ImlvcEM0QrAGNwVQUAfw2jM root@ubuntu-xenial
[   24.013941] cloud-init[940]: The key's randomart image is:
[   24.014018] cloud-init[940]: +--[ED25519 256]--+
[   24.014102] cloud-init[940]: |O%OOo            |
[   24.014193] cloud-init[940]: |==@oo    .       |
[   24.014279] cloud-init[940]: |O*.O      o      |
[   24.014363] cloud-init[940]: |*+= +  o +       |
[   24.014447] cloud-init[940]: |ooE+  . S        |
[   24.014531] cloud-init[940]: |+ .+ . .         |
[   24.014612] cloud-init[940]: |o o .            |
[   24.014691] cloud-init[940]: | . .             |
[   24.015261] cloud-init[940]: |                 |
[   24.015350] cloud-init[940]: +----[SHA256]-----+
         Starting /etc/rc.local Compatibility...
         Starting Pollinate to seed the pseudo random number generator...
[[0;32m  OK  [0m] Started D-Bus System Message Bus.
         Starting Login Service...
[[0;32m  OK  [0m] Started Unattended Upgrades Shutdown.
[[0;32m  OK  [0m] Started ACPI event daemon.
         Starting Accounts Service...
         Starting LXD - container startup/shutdown...
         Starting Snappy daemon...
[[0;32m  OK  [0m] Started System Logging Service.
[[0;32m  OK  [0m] Started iSCSI initiator daemon (iscsid).
[[0;32m  OK  [0m] Started /etc/rc.local Compatibility.
         Starting Login to default iSCSI targets...
[[0;32m  OK  [0m] Started Login Service.
[[0;32m  OK  [0m] Started LSB: Record successful boot for GRUB.
[[0;32m  OK  [0m] Started Login to default iSCSI targets.
[[0;32m  OK  [0m] Reached target Remote File Systems (Pre).
[[0;32m  OK  [0m] Reached target Remote File Systems.
         Starting LSB: Set the CPU Frequency Scaling governor to "ondemand"...
         Starting LSB: automatic crash report generation...
         Starting LSB: daemon to balance interrupts for SMP systems...
         Starting LSB: VirtualBox Linux Additions...
         Starting Permit User Sessions...
[   25.876309] cloud-init[1036]: Generating locales (this might take a while)...
[[0;32m  OK  [0m] Started LSB: MD monitoring daemon.
[[0;32m  OK  [0m] Started LSB: Set the CPU Frequency Scaling governor to "ondemand".
[[0;32m  OK  [0m] Started Permit User Sessions.
         Starting Terminate Plymouth Boot Screen...
         Starting Hold until boot process finishes up...
[[0;32m  OK  [0m] Started Terminate Plymouth Boot Screen.
[[0;32m  OK  [0m] Started Hold until boot process finishes up.
[[0;32m  OK  [0m] Started Getty on tty1.
         Starting Set console scheme...
[[0;32m  OK  [0m] Started Serial Getty on ttyS0.
[[0;32m  OK  [0m] Reached target Login Prompts.
[[0;32m  OK  [0m] Started Set console scheme.
[[0;32m  OK  [0m] Started LSB: automatic crash report generation.
[[0;32m  OK  [0m] Started LSB: daemon to balance interrupts for SMP systems.
[[0;32m  OK  [0m] Started LSB: VirtualBox Linux Additions.
         Starting Authenticate and Authorize Users to Run Privileged Tasks...
[[0;32m  OK  [0m] Started Authenticate and Authorize Users to Run Privileged Tasks.
[[0;32m  OK  [0m] Started Accounts Service.
[   28.764354] cloud-init[1036]:   en_US.UTF-8... done
[   28.772612] cloud-init[1036]: Generation complete.
[[0;32m  OK  [0m] Started Pollinate to seed the pseudo random number generator.
         Starting OpenBSD Secure Shell server...
[[0;32m  OK  [0m] Started LXD - container startup/shutdown.
[[0;32m  OK  [0m] Started Snappy daemon.
         Starting Auto import assertions from block devices...
[[0;32m  OK  [0m] Started Auto import assertions from block devices.
[[0;32m  OK  [0m] Started OpenBSD Secure Shell server.
[[0;32m  OK  [0m] Reached target Multi-User System.
[[0;32m  OK  [0m] Reached target Graphical Interface.
         Starting Update UTMP about System Runlevel Changes...
[[0;32m  OK  [0m] Started Update UTMP about System Runlevel Changes.
         Stopping OpenBSD Secure Shell server...
[[0;32m  OK  [0m] Stopped OpenBSD Secure Shell server.
         Starting OpenBSD Secure Shell server...
[[0;32m  OK  [0m] Started OpenBSD Secure Shell server.
[[0;32m  OK  [0m] Created slice User Slice of ubuntu.
         Starting User Manager for UID 1000...
[[0;32m  OK  [0m] Started Session 1 of user ubuntu.
[[0;32m  OK  [0m] Started User Manager for UID 1000.
[   31.152790] cloud-init[1036]: Cloud-init v. 0.7.9 running 'modules:config' at Mon, 02 Oct 2017 09:31:59 +0000. Up 24.25 seconds.
ci-info: no authorized ssh keys fingerprints found for user ubuntu.
<14>Oct  2 09:32:07 ec2: 
<14>Oct  2 09:32:07 ec2: #############################################################
<14>Oct  2 09:32:07 ec2: -----BEGIN SSH HOST KEY FINGERPRINTS-----
<14>Oct  2 09:32:07 ec2: 1024 SHA256:FBhU9DEqAc+NrlSpH+cwHpUhcS0lALF7NUxzHzcqV2w root@ubuntu-xenial (DSA)
<14>Oct  2 09:32:07 ec2: 256 SHA256:/XHDIvoYx4KAZWWgiAESuYzkPa5UAv/u6Lt6m5rz+C0 root@ubuntu-xenial (ECDSA)
<14>Oct  2 09:32:07 ec2: 256 SHA256:bFmsqJICShw0nxvkDIs4ImlvcEM0QrAGNwVQUAfw2jM root@ubuntu-xenial (ED25519)
<14>Oct  2 09:32:07 ec2: 2048 SHA256:yS9JfaU6yE9X59dckx1S47hVLYKL3t6Bh2Qf7uIe7pw root@ubuntu-xenial (RSA)
<14>Oct  2 09:32:07 ec2: -----END SSH HOST KEY FINGERPRINTS-----
<14>Oct  2 09:32:07 ec2: #############################################################
-----BEGIN SSH HOST KEY KEYS-----
ecdsa-sha2-nistp256 AAAAE2VjZHNhLXNoYTItbmlzdHAyNTYAAAAIbmlzdHAyNTYAAABBBByHNa2ICp9nb8dG/dxXzUWPsi3nXHnKB1LLd69krm9aDIG1TnlHczH+HGXP8XcgzPAUKhui2/PM/XMVFdaE/Fw= root@ubuntu-xenial
ssh-ed25519 AAAAC3NzaC1lZDI1NTE5AAAAIE7PuMIsG/c++BlhcChDDMPiDDsvlOOhl/V5fga60QLM root@ubuntu-xenial
ssh-rsa AAAAB3NzaC1yc2EAAAADAQABAAABAQDTWFGzVWzSYszutTNhkBWdp7F9TMdG8413ySN1frIi020N1KaANZaCiCJgnS3NYtls7slNd/Bhz1MrpFyEB8SHCp7cVLvt7GGDmL6elqKh+QiSVj/u/R5PZqoVHkmJ33w/iTb2yOV7M5uvmL8arbbqS2rbf0S3c7WckJd6ErbMegqJm3SFdATCXpLroRfOsxgEYB4WW+EhSZbTnCSDq2aHa2hGjXgIUQpuYwBc1TfdnHymEuiGS1ZRMZd+Pfc7tuiBvupYSeV+9m5rPz4UZAM3gvYV68bL6SXXeijdtP/Nnl4YJK7scqN02/JxFjFHIcG8m6eNlk0xykzEhGLX1Kfh root@ubuntu-xenial
-----END SSH HOST KEY KEYS-----
[   31.831182] cloud-init[1388]: Cloud-init v. 0.7.9 running 'modules:final' at Mon, 02 Oct 2017 09:32:06 +0000. Up 31.58 seconds.
[   31.831411] cloud-init[1388]: ci-info: no authorized ssh keys fingerprints found for user ubuntu.
[   31.831536] cloud-init[1388]: Cloud-init v. 0.7.9 finished at Mon, 02 Oct 2017 09:32:07 +0000. Datasource DataSourceNoCloud [seed=/dev/sdb][dsmode=net].  Up 31.82 seconds

Ubuntu 16.04.3 LTS ubuntu-xenial ttyS0

ubuntu-xenial login: 